tracebox to 1.2.3.4 (1.2.3.4): 64 hops max
1: 1.1.1.1 
2: 1.2.3.4 IP::TTL IP::CheckSum 
