tracebox to 1.2.3.4 (1.2.3.4): 64 hops max
1: 1.1.1.1 IP::ExpCongestionNot IP::CheckSum 
2: 1.2.3.4 IP::ExpCongestionNot IP::TTL IP::CheckSum 
