tracebox to 1.2.3.4 (1.2.3.4): 64 hops max
1: 2.2.2.2 TCP::CheckSum TCPOptionMaxSegSize::MaxSegSize 
2: 1.2.3.4 TCP::CheckSum IP::TTL IP::CheckSum TCPOptionMaxSegSize::MaxSegSize 
